/*C4*/SET SCHEMA PUBLIC
DISCONNECT
/*C5*/SET SCHEMA PUBLIC
DELETE FROM TILEPAGE WHERE KEY='Escape-game:objet#EPSG:4326#image/png@1,1,12'
INSERT INTO TILEPAGE VALUES('Escape-game:objet#EPSG:4326#image/png@1,1,12','Escape-game:objet#EPSG:4326#image/png',12,1,1,29398912,2.0E0,29400090,1.0E0,2)
COMMIT
DELETE FROM TILEPAGE WHERE KEY='Escape-game:objet#EPSG:4326#image/png@0,1,12'
INSERT INTO TILEPAGE VALUES('Escape-game:objet#EPSG:4326#image/png@0,1,12','Escape-game:objet#EPSG:4326#image/png',12,0,1,29398912,2.0E0,29400090,1.0E0,2)
COMMIT
INSERT INTO TILEPAGE VALUES('Escape-game:objet#EPSG:4326#image/png@4,3,14','Escape-game:objet#EPSG:4326#image/png',14,4,3,29400090,1.401298464324817E-45,29400090,1.401298464324817E-45,1)
COMMIT
INSERT INTO TILEPAGE VALUES('Escape-game:objet#EPSG:4326#image/png@5,3,14','Escape-game:objet#EPSG:4326#image/png',14,5,3,29400090,1.401298464324817E-45,29400090,1.401298464324817E-45,1)
COMMIT
INSERT INTO TILEPAGE VALUES('Escape-game:objet#EPSG:4326#image/png@3,3,14','Escape-game:objet#EPSG:4326#image/png',14,3,3,29400090,1.401298464324817E-45,29400090,1.401298464324817E-45,1)
COMMIT
INSERT INTO TILEPAGE VALUES('Escape-game:objet#EPSG:4326#image/png@2,3,14','Escape-game:objet#EPSG:4326#image/png',14,2,3,29400090,1.401298464324817E-45,29400090,1.401298464324817E-45,1)
COMMIT
INSERT INTO TILEPAGE VALUES('Escape-game:objet#EPSG:4326#image/png@1,3,14','Escape-game:objet#EPSG:4326#image/png',14,1,3,29400090,1.401298464324817E-45,29400090,1.401298464324817E-45,1)
COMMIT
INSERT INTO TILEPAGE VALUES('Escape-game:objet#EPSG:4326#image/png@16,13,16','Escape-game:objet#EPSG:4326#image/png',16,16,13,29400090,1.401298464324817E-45,29400090,1.401298464324817E-45,1)
COMMIT
INSERT INTO TILEPAGE VALUES('Escape-game:objet#EPSG:4326#image/png@17,13,16','Escape-game:objet#EPSG:4326#image/png',16,17,13,29400090,1.401298464324817E-45,29400090,1.401298464324817E-45,1)
COMMIT
INSERT INTO TILEPAGE VALUES('Escape-game:objet#EPSG:4326#image/png@15,13,16','Escape-game:objet#EPSG:4326#image/png',16,15,13,29400090,1.401298464324817E-45,29400090,1.401298464324817E-45,1)
INSERT INTO TILEPAGE VALUES('Escape-game:objet#EPSG:4326#image/png@16,11,16','Escape-game:objet#EPSG:4326#image/png',16,16,11,29400090,1.401298464324817E-45,29400090,1.401298464324817E-45,1)
INSERT INTO TILEPAGE VALUES('Escape-game:objet#EPSG:4326#image/png@17,11,16','Escape-game:objet#EPSG:4326#image/png',16,17,11,29400090,1.401298464324817E-45,29400090,1.401298464324817E-45,1)
INSERT INTO TILEPAGE VALUES('Escape-game:objet#EPSG:4326#image/png@19,11,16','Escape-game:objet#EPSG:4326#image/png',16,19,11,29400090,1.401298464324817E-45,29400090,1.401298464324817E-45,1)
COMMIT
INSERT INTO TILEPAGE VALUES('Escape-game:objet#EPSG:4326#image/png@15,11,16','Escape-game:objet#EPSG:4326#image/png',16,15,11,29400090,1.401298464324817E-45,29400090,1.401298464324817E-45,1)
INSERT INTO TILEPAGE VALUES('Escape-game:objet#EPSG:4326#image/png@18,13,16','Escape-game:objet#EPSG:4326#image/png',16,18,13,29400090,1.401298464324817E-45,29400090,1.401298464324817E-45,1)
COMMIT
INSERT INTO TILEPAGE VALUES('Escape-game:objet#EPSG:4326#image/png@14,11,16','Escape-game:objet#EPSG:4326#image/png',16,14,11,29400090,1.401298464324817E-45,29400090,1.401298464324817E-45,1)
INSERT INTO TILEPAGE VALUES('Escape-game:objet#EPSG:4326#image/png@14,13,16','Escape-game:objet#EPSG:4326#image/png',16,14,13,29400090,1.401298464324817E-45,29400090,1.401298464324817E-45,1)
INSERT INTO TILEPAGE VALUES('Escape-game:objet#EPSG:4326#image/png@18,11,16','Escape-game:objet#EPSG:4326#image/png',16,18,11,29400090,1.401298464324817E-45,29400090,1.401298464324817E-45,1)
INSERT INTO TILEPAGE VALUES('Escape-game:objet#EPSG:4326#image/png@19,13,16','Escape-game:objet#EPSG:4326#image/png',16,19,13,29400090,1.401298464324817E-45,29400090,1.401298464324817E-45,1)
INSERT INTO TILEPAGE VALUES('Escape-game:objet#EPSG:4326#image/png@20,11,16','Escape-game:objet#EPSG:4326#image/png',16,20,11,29400090,1.401298464324817E-45,29400090,1.401298464324817E-45,1)
INSERT INTO TILEPAGE VALUES('Escape-game:objet#EPSG:4326#image/png@20,13,16','Escape-game:objet#EPSG:4326#image/png',16,20,13,29400090,1.401298464324817E-45,29400090,1.401298464324817E-45,1)
COMMIT
DELETE FROM TILESET WHERE KEY='Escape-game:objet#EPSG:4326#image/png'
INSERT INTO TILESET VALUES('Escape-game:objet#EPSG:4326#image/png','Escape-game:objet','EPSG:4326','image/png',NULL,278528)
DELETE FROM TILESET WHERE KEY='___GLOBAL_QUOTA___'
INSERT INTO TILESET VALUES('___GLOBAL_QUOTA___',NULL,NULL,NULL,NULL,278528)
INSERT INTO TILEPAGE VALUES('Escape-game:objet#EPSG:4326#image/png@0,2,14','Escape-game:objet#EPSG:4326#image/png',14,0,2,29400090,0.0E0,29400090,1.0E0,0)
INSERT INTO TILEPAGE VALUES('Escape-game:objet#EPSG:4326#image/png@0,3,14','Escape-game:objet#EPSG:4326#image/png',14,0,3,29400090,0.0E0,29400090,1.0E0,0)
INSERT INTO TILEPAGE VALUES('Escape-game:objet#EPSG:4326#image/png@1,2,14','Escape-game:objet#EPSG:4326#image/png',14,1,2,29400090,0.0E0,29400090,1.0E0,0)
DELETE FROM TILEPAGE WHERE KEY='Escape-game:objet#EPSG:4326#image/png@1,3,14'
INSERT INTO TILEPAGE VALUES('Escape-game:objet#EPSG:4326#image/png@1,3,14','Escape-game:objet#EPSG:4326#image/png',14,1,3,29400090,1.401298464324817E-45,29400090,1.0E0,1)
INSERT INTO TILEPAGE VALUES('Escape-game:objet#EPSG:4326#image/png@13,10,16','Escape-game:objet#EPSG:4326#image/png',16,13,10,29400090,0.0E0,29400090,1.0E0,0)
INSERT INTO TILEPAGE VALUES('Escape-game:objet#EPSG:4326#image/png@13,11,16','Escape-game:objet#EPSG:4326#image/png',16,13,11,29400090,0.0E0,29400090,1.0E0,0)
INSERT INTO TILEPAGE VALUES('Escape-game:objet#EPSG:4326#image/png@13,12,16','Escape-game:objet#EPSG:4326#image/png',16,13,12,29400090,0.0E0,29400090,1.0E0,0)
INSERT INTO TILEPAGE VALUES('Escape-game:objet#EPSG:4326#image/png@13,13,16','Escape-game:objet#EPSG:4326#image/png',16,13,13,29400090,0.0E0,29400090,1.0E0,0)
INSERT INTO TILEPAGE VALUES('Escape-game:objet#EPSG:4326#image/png@14,10,16','Escape-game:objet#EPSG:4326#image/png',16,14,10,29400090,0.0E0,29400090,1.0E0,0)
DELETE FROM TILEPAGE WHERE KEY='Escape-game:objet#EPSG:4326#image/png@14,11,16'
INSERT INTO TILEPAGE VALUES('Escape-game:objet#EPSG:4326#image/png@14,11,16','Escape-game:objet#EPSG:4326#image/png',16,14,11,29400090,1.401298464324817E-45,29400090,1.0E0,1)
INSERT INTO TILEPAGE VALUES('Escape-game:objet#EPSG:4326#image/png@14,12,16','Escape-game:objet#EPSG:4326#image/png',16,14,12,29400090,0.0E0,29400090,1.0E0,0)
DELETE FROM TILEPAGE WHERE KEY='Escape-game:objet#EPSG:4326#image/png@14,13,16'
INSERT INTO TILEPAGE VALUES('Escape-game:objet#EPSG:4326#image/png@14,13,16','Escape-game:objet#EPSG:4326#image/png',16,14,13,29400090,1.401298464324817E-45,29400090,1.0E0,1)
INSERT INTO TILEPAGE VALUES('Escape-game:objet#EPSG:4326#image/png@15,10,16','Escape-game:objet#EPSG:4326#image/png',16,15,10,29400090,0.0E0,29400090,1.0E0,0)
DELETE FROM TILEPAGE WHERE KEY='Escape-game:objet#EPSG:4326#image/png@15,11,16'
INSERT INTO TILEPAGE VALUES('Escape-game:objet#EPSG:4326#image/png@15,11,16','Escape-game:objet#EPSG:4326#image/png',16,15,11,29400090,1.401298464324817E-45,29400090,1.0E0,1)
INSERT INTO TILEPAGE VALUES('Escape-game:objet#EPSG:4326#image/png@15,12,16','Escape-game:objet#EPSG:4326#image/png',16,15,12,29400090,0.0E0,29400090,1.0E0,0)
DELETE FROM TILEPAGE WHERE KEY='Escape-game:objet#EPSG:4326#image/png@15,13,16'
INSERT INTO TILEPAGE VALUES('Escape-game:objet#EPSG:4326#image/png@15,13,16','Escape-game:objet#EPSG:4326#image/png',16,15,13,29400090,1.401298464324817E-45,29400090,1.0E0,1)
INSERT INTO TILEPAGE VALUES('Escape-game:objet#EPSG:4326#image/png@16,10,16','Escape-game:objet#EPSG:4326#image/png',16,16,10,29400090,0.0E0,29400090,1.0E0,0)
DELETE FROM TILEPAGE WHERE KEY='Escape-game:objet#EPSG:4326#image/png@16,11,16'
INSERT INTO TILEPAGE VALUES('Escape-game:objet#EPSG:4326#image/png@16,11,16','Escape-game:objet#EPSG:4326#image/png',16,16,11,29400090,1.401298464324817E-45,29400090,1.0E0,1)
INSERT INTO TILEPAGE VALUES('Escape-game:objet#EPSG:4326#image/png@16,12,16','Escape-game:objet#EPSG:4326#image/png',16,16,12,29400090,0.0E0,29400090,1.0E0,0)
DELETE FROM TILEPAGE WHERE KEY='Escape-game:objet#EPSG:4326#image/png@16,13,16'
INSERT INTO TILEPAGE VALUES('Escape-game:objet#EPSG:4326#image/png@16,13,16','Escape-game:objet#EPSG:4326#image/png',16,16,13,29400090,1.401298464324817E-45,29400090,1.0E0,1)
INSERT INTO TILEPAGE VALUES('Escape-game:objet#EPSG:4326#image/png@17,10,16','Escape-game:objet#EPSG:4326#image/png',16,17,10,29400090,0.0E0,29400090,1.0E0,0)
DELETE FROM TILEPAGE WHERE KEY='Escape-game:objet#EPSG:4326#image/png@17,11,16'
INSERT INTO TILEPAGE VALUES('Escape-game:objet#EPSG:4326#image/png@17,11,16','Escape-game:objet#EPSG:4326#image/png',16,17,11,29400090,1.401298464324817E-45,29400090,1.0E0,1)
INSERT INTO TILEPAGE VALUES('Escape-game:objet#EPSG:4326#image/png@17,12,16','Escape-game:objet#EPSG:4326#image/png',16,17,12,29400090,0.0E0,29400090,1.0E0,0)
DELETE FROM TILEPAGE WHERE KEY='Escape-game:objet#EPSG:4326#image/png@17,13,16'
INSERT INTO TILEPAGE VALUES('Escape-game:objet#EPSG:4326#image/png@17,13,16','Escape-game:objet#EPSG:4326#image/png',16,17,13,29400090,1.401298464324817E-45,29400090,1.0E0,1)
INSERT INTO TILEPAGE VALUES('Escape-game:objet#EPSG:4326#image/png@18,10,16','Escape-game:objet#EPSG:4326#image/png',16,18,10,29400090,0.0E0,29400090,1.0E0,0)
DELETE FROM TILEPAGE WHERE KEY='Escape-game:objet#EPSG:4326#image/png@18,11,16'
INSERT INTO TILEPAGE VALUES('Escape-game:objet#EPSG:4326#image/png@18,11,16','Escape-game:objet#EPSG:4326#image/png',16,18,11,29400090,1.401298464324817E-45,29400090,1.0E0,1)
INSERT INTO TILEPAGE VALUES('Escape-game:objet#EPSG:4326#image/png@18,12,16','Escape-game:objet#EPSG:4326#image/png',16,18,12,29400090,0.0E0,29400090,1.0E0,0)
DELETE FROM TILEPAGE WHERE KEY='Escape-game:objet#EPSG:4326#image/png@18,13,16'
INSERT INTO TILEPAGE VALUES('Escape-game:objet#EPSG:4326#image/png@18,13,16','Escape-game:objet#EPSG:4326#image/png',16,18,13,29400090,1.401298464324817E-45,29400090,1.0E0,1)
INSERT INTO TILEPAGE VALUES('Escape-game:objet#EPSG:4326#image/png@19,10,16','Escape-game:objet#EPSG:4326#image/png',16,19,10,29400090,0.0E0,29400090,1.0E0,0)
DELETE FROM TILEPAGE WHERE KEY='Escape-game:objet#EPSG:4326#image/png@19,11,16'
INSERT INTO TILEPAGE VALUES('Escape-game:objet#EPSG:4326#image/png@19,11,16','Escape-game:objet#EPSG:4326#image/png',16,19,11,29400090,1.401298464324817E-45,29400090,1.0E0,1)
INSERT INTO TILEPAGE VALUES('Escape-game:objet#EPSG:4326#image/png@19,12,16','Escape-game:objet#EPSG:4326#image/png',16,19,12,29400090,0.0E0,29400090,1.0E0,0)
DELETE FROM TILEPAGE WHERE KEY='Escape-game:objet#EPSG:4326#image/png@19,13,16'
INSERT INTO TILEPAGE VALUES('Escape-game:objet#EPSG:4326#image/png@19,13,16','Escape-game:objet#EPSG:4326#image/png',16,19,13,29400090,1.401298464324817E-45,29400090,1.0E0,1)
INSERT INTO TILEPAGE VALUES('Escape-game:objet#EPSG:4326#image/png@2,2,14','Escape-game:objet#EPSG:4326#image/png',14,2,2,29400090,0.0E0,29400090,1.0E0,0)
DELETE FROM TILEPAGE WHERE KEY='Escape-game:objet#EPSG:4326#image/png@2,3,14'
INSERT INTO TILEPAGE VALUES('Escape-game:objet#EPSG:4326#image/png@2,3,14','Escape-game:objet#EPSG:4326#image/png',14,2,3,29400090,1.401298464324817E-45,29400090,1.0E0,1)
INSERT INTO TILEPAGE VALUES('Escape-game:objet#EPSG:4326#image/png@20,10,16','Escape-game:objet#EPSG:4326#image/png',16,20,10,29400090,0.0E0,29400090,1.0E0,0)
DELETE FROM TILEPAGE WHERE KEY='Escape-game:objet#EPSG:4326#image/png@20,11,16'
INSERT INTO TILEPAGE VALUES('Escape-game:objet#EPSG:4326#image/png@20,11,16','Escape-game:objet#EPSG:4326#image/png',16,20,11,29400090,1.401298464324817E-45,29400090,1.0E0,1)
INSERT INTO TILEPAGE VALUES('Escape-game:objet#EPSG:4326#image/png@20,12,16','Escape-game:objet#EPSG:4326#image/png',16,20,12,29400090,0.0E0,29400090,1.0E0,0)
DELETE FROM TILEPAGE WHERE KEY='Escape-game:objet#EPSG:4326#image/png@20,13,16'
INSERT INTO TILEPAGE VALUES('Escape-game:objet#EPSG:4326#image/png@20,13,16','Escape-game:objet#EPSG:4326#image/png',16,20,13,29400090,1.401298464324817E-45,29400090,1.0E0,1)
INSERT INTO TILEPAGE VALUES('Escape-game:objet#EPSG:4326#image/png@3,2,14','Escape-game:objet#EPSG:4326#image/png',14,3,2,29400090,0.0E0,29400090,1.0E0,0)
DELETE FROM TILEPAGE WHERE KEY='Escape-game:objet#EPSG:4326#image/png@3,3,14'
INSERT INTO TILEPAGE VALUES('Escape-game:objet#EPSG:4326#image/png@3,3,14','Escape-game:objet#EPSG:4326#image/png',14,3,3,29400090,1.401298464324817E-45,29400090,1.0E0,1)
INSERT INTO TILEPAGE VALUES('Escape-game:objet#EPSG:4326#image/png@4,2,14','Escape-game:objet#EPSG:4326#image/png',14,4,2,29400090,0.0E0,29400090,1.0E0,0)
DELETE FROM TILEPAGE WHERE KEY='Escape-game:objet#EPSG:4326#image/png@4,3,14'
INSERT INTO TILEPAGE VALUES('Escape-game:objet#EPSG:4326#image/png@4,3,14','Escape-game:objet#EPSG:4326#image/png',14,4,3,29400090,1.401298464324817E-45,29400090,1.0E0,1)
INSERT INTO TILEPAGE VALUES('Escape-game:objet#EPSG:4326#image/png@5,2,14','Escape-game:objet#EPSG:4326#image/png',14,5,2,29400090,0.0E0,29400090,1.0E0,0)
DELETE FROM TILEPAGE WHERE KEY='Escape-game:objet#EPSG:4326#image/png@5,3,14'
INSERT INTO TILEPAGE VALUES('Escape-game:objet#EPSG:4326#image/png@5,3,14','Escape-game:objet#EPSG:4326#image/png',14,5,3,29400090,1.401298464324817E-45,29400090,1.0E0,1)
COMMIT
/*C6*/SET SCHEMA PUBLIC
INSERT INTO TILEPAGE VALUES('Escape-game:objet#EPSG:4326#image/png@17,23,17','Escape-game:objet#EPSG:4326#image/png',17,17,23,29400090,1.401298464324817E-45,29400090,1.401298464324817E-45,1)
COMMIT
INSERT INTO TILEPAGE VALUES('Escape-game:objet#EPSG:4326#image/png@18,23,17','Escape-game:objet#EPSG:4326#image/png',17,18,23,29400090,1.401298464324817E-45,29400090,1.401298464324817E-45,1)
COMMIT
DELETE FROM TILEPAGE WHERE KEY='Escape-game:objet#EPSG:4326#image/png@17,23,17'
INSERT INTO TILEPAGE VALUES('Escape-game:objet#EPSG:4326#image/png@17,23,17','Escape-game:objet#EPSG:4326#image/png',17,17,23,29400090,2.802596928649634E-45,29400090,1.401298464324817E-45,2)
DELETE FROM TILEPAGE WHERE KEY='Escape-game:objet#EPSG:4326#image/png@18,23,17'
INSERT INTO TILEPAGE VALUES('Escape-game:objet#EPSG:4326#image/png@18,23,17','Escape-game:objet#EPSG:4326#image/png',17,18,23,29400090,2.802596928649634E-45,29400090,1.401298464324817E-45,2)
COMMIT
INSERT INTO TILEPAGE VALUES('Escape-game:objet#EPSG:4326#image/png@16,23,17','Escape-game:objet#EPSG:4326#image/png',17,16,23,29400090,1.401298464324817E-45,29400090,1.401298464324817E-45,1)
INSERT INTO TILEPAGE VALUES('Escape-game:objet#EPSG:4326#image/png@19,23,17','Escape-game:objet#EPSG:4326#image/png',17,19,23,29400090,1.401298464324817E-45,29400090,1.401298464324817E-45,1)
COMMIT
DELETE FROM TILESET WHERE KEY='Escape-game:objet#EPSG:4326#image/png'
INSERT INTO TILESET VALUES('Escape-game:objet#EPSG:4326#image/png','Escape-game:objet','EPSG:4326','image/png',NULL,450560)
DELETE FROM TILESET WHERE KEY='___GLOBAL_QUOTA___'
INSERT INTO TILESET VALUES('___GLOBAL_QUOTA___',NULL,NULL,NULL,NULL,450560)
INSERT INTO TILEPAGE VALUES('Escape-game:objet#EPSG:4326#image/png@15,23,17','Escape-game:objet#EPSG:4326#image/png',17,15,23,29400090,0.0E0,29400090,1.0E0,0)
INSERT INTO TILEPAGE VALUES('Escape-game:objet#EPSG:4326#image/png@15,24,17','Escape-game:objet#EPSG:4326#image/png',17,15,24,29400090,0.0E0,29400090,1.0E0,0)
INSERT INTO TILEPAGE VALUES('Escape-game:objet#EPSG:4326#image/png@15,25,17','Escape-game:objet#EPSG:4326#image/png',17,15,25,29400090,0.0E0,29400090,1.0E0,0)
DELETE FROM TILEPAGE WHERE KEY='Escape-game:objet#EPSG:4326#image/png@16,23,17'
INSERT INTO TILEPAGE VALUES('Escape-game:objet#EPSG:4326#image/png@16,23,17','Escape-game:objet#EPSG:4326#image/png',17,16,23,29400090,1.401298464324817E-45,29400090,1.0E0,1)
INSERT INTO TILEPAGE VALUES('Escape-game:objet#EPSG:4326#image/png@16,24,17','Escape-game:objet#EPSG:4326#image/png',17,16,24,29400090,0.0E0,29400090,1.0E0,0)
INSERT INTO TILEPAGE VALUES('Escape-game:objet#EPSG:4326#image/png@16,25,17','Escape-game:objet#EPSG:4326#image/png',17,16,25,29400090,0.0E0,29400090,1.0E0,0)
DELETE FROM TILEPAGE WHERE KEY='Escape-game:objet#EPSG:4326#image/png@17,23,17'
INSERT INTO TILEPAGE VALUES('Escape-game:objet#EPSG:4326#image/png@17,23,17','Escape-game:objet#EPSG:4326#image/png',17,17,23,29400090,2.802596928649634E-45,29400090,1.0E0,2)
INSERT INTO TILEPAGE VALUES('Escape-game:objet#EPSG:4326#image/png@17,24,17','Escape-game:objet#EPSG:4326#image/png',17,17,24,29400090,0.0E0,29400090,1.0E0,0)
INSERT INTO TILEPAGE VALUES('Escape-game:objet#EPSG:4326#image/png@17,25,17','Escape-game:objet#EPSG:4326#image/png',17,17,25,29400090,0.0E0,29400090,1.0E0,0)
DELETE FROM TILEPAGE WHERE KEY='Escape-game:objet#EPSG:4326#image/png@18,23,17'
INSERT INTO TILEPAGE VALUES('Escape-game:objet#EPSG:4326#image/png@18,23,17','Escape-game:objet#EPSG:4326#image/png',17,18,23,29400090,2.802596928649634E-45,29400090,1.0E0,2)
INSERT INTO TILEPAGE VALUES('Escape-game:objet#EPSG:4326#image/png@18,24,17','Escape-game:objet#EPSG:4326#image/png',17,18,24,29400090,0.0E0,29400090,1.0E0,0)
INSERT INTO TILEPAGE VALUES('Escape-game:objet#EPSG:4326#image/png@18,25,17','Escape-game:objet#EPSG:4326#image/png',17,18,25,29400090,0.0E0,29400090,1.0E0,0)
DELETE FROM TILEPAGE WHERE KEY='Escape-game:objet#EPSG:4326#image/png@19,23,17'
INSERT INTO TILEPAGE VALUES('Escape-game:objet#EPSG:4326#image/png@19,23,17','Escape-game:objet#EPSG:4326#image/png',17,19,23,29400090,1.401298464324817E-45,29400090,1.0E0,1)
INSERT INTO TILEPAGE VALUES('Escape-game:objet#EPSG:4326#image/png@19,24,17','Escape-game:objet#EPSG:4326#image/png',17,19,24,29400090,0.0E0,29400090,1.0E0,0)
INSERT INTO TILEPAGE VALUES('Escape-game:objet#EPSG:4326#image/png@19,25,17','Escape-game:objet#EPSG:4326#image/png',17,19,25,29400090,0.0E0,29400090,1.0E0,0)
INSERT INTO TILEPAGE VALUES('Escape-game:objet#EPSG:4326#image/png@20,23,17','Escape-game:objet#EPSG:4326#image/png',17,20,23,29400090,0.0E0,29400090,1.0E0,0)
INSERT INTO TILEPAGE VALUES('Escape-game:objet#EPSG:4326#image/png@20,24,17','Escape-game:objet#EPSG:4326#image/png',17,20,24,29400090,0.0E0,29400090,1.0E0,0)
INSERT INTO TILEPAGE VALUES('Escape-game:objet#EPSG:4326#image/png@20,25,17','Escape-game:objet#EPSG:4326#image/png',17,20,25,29400090,0.0E0,29400090,1.0E0,0)
COMMIT
DELETE FROM TILEPAGE WHERE KEY='Escape-game:objet#EPSG:4326#image/png@17,13,16'
INSERT INTO TILEPAGE VALUES('Escape-game:objet#EPSG:4326#image/png@17,13,16','Escape-game:objet#EPSG:4326#image/png',16,17,13,29400090,2.0E0,29400090,1.0E0,2)
COMMIT
DELETE FROM TILEPAGE WHERE KEY='Escape-game:objet#EPSG:4326#image/png@16,11,16'
INSERT INTO TILEPAGE VALUES('Escape-game:objet#EPSG:4326#image/png@16,11,16','Escape-game:objet#EPSG:4326#image/png',16,16,11,29400090,2.0E0,29400090,1.0E0,2)
DELETE FROM TILEPAGE WHERE KEY='Escape-game:objet#EPSG:4326#image/png@16,13,16'
INSERT INTO TILEPAGE VALUES('Escape-game:objet#EPSG:4326#image/png@16,13,16','Escape-game:objet#EPSG:4326#image/png',16,16,13,29400090,2.0E0,29400090,1.0E0,2)
DELETE FROM TILEPAGE WHERE KEY='Escape-game:objet#EPSG:4326#image/png@17,11,16'
INSERT INTO TILEPAGE VALUES('Escape-game:objet#EPSG:4326#image/png@17,11,16','Escape-game:objet#EPSG:4326#image/png',16,17,11,29400090,2.0E0,29400090,1.0E0,2)
DELETE FROM TILEPAGE WHERE KEY='Escape-game:objet#EPSG:4326#image/png@18,11,16'
INSERT INTO TILEPAGE VALUES('Escape-game:objet#EPSG:4326#image/png@18,11,16','Escape-game:objet#EPSG:4326#image/png',16,18,11,29400090,2.0E0,29400090,1.0E0,2)
DELETE FROM TILEPAGE WHERE KEY='Escape-game:objet#EPSG:4326#image/png@18,13,16'
INSERT INTO TILEPAGE VALUES('Escape-game:objet#EPSG:4326#image/png@18,13,16','Escape-game:objet#EPSG:4326#image/png',16,18,13,29400090,2.0E0,29400090,1.0E0,2)
COMMIT
DELETE FROM TILEPAGE WHERE KEY='Escape-game:objet#EPSG:4326#image/png@14,11,16'
INSERT INTO TILEPAGE VALUES('Escape-game:objet#EPSG:4326#image/png@14,11,16','Escape-game:objet#EPSG:4326#image/png',16,14,11,29400090,2.0E0,29400090,1.0E0,2)
DELETE FROM TILEPAGE WHERE KEY='Escape-game:objet#EPSG:4326#image/png@14,13,16'
INSERT INTO TILEPAGE VALUES('Escape-game:objet#EPSG:4326#image/png@14,13,16','Escape-game:objet#EPSG:4326#image/png',16,14,13,29400090,2.0E0,29400090,1.0E0,2)
DELETE FROM TILEPAGE WHERE KEY='Escape-game:objet#EPSG:4326#image/png@15,11,16'
INSERT INTO TILEPAGE VALUES('Escape-game:objet#EPSG:4326#image/png@15,11,16','Escape-game:objet#EPSG:4326#image/png',16,15,11,29400090,2.0E0,29400090,1.0E0,2)
DELETE FROM TILEPAGE WHERE KEY='Escape-game:objet#EPSG:4326#image/png@15,13,16'
INSERT INTO TILEPAGE VALUES('Escape-game:objet#EPSG:4326#image/png@15,13,16','Escape-game:objet#EPSG:4326#image/png',16,15,13,29400090,2.0E0,29400090,1.0E0,2)
DELETE FROM TILEPAGE WHERE KEY='Escape-game:objet#EPSG:4326#image/png@19,11,16'
INSERT INTO TILEPAGE VALUES('Escape-game:objet#EPSG:4326#image/png@19,11,16','Escape-game:objet#EPSG:4326#image/png',16,19,11,29400090,2.0E0,29400090,1.0E0,2)
DELETE FROM TILEPAGE WHERE KEY='Escape-game:objet#EPSG:4326#image/png@19,13,16'
INSERT INTO TILEPAGE VALUES('Escape-game:objet#EPSG:4326#image/png@19,13,16','Escape-game:objet#EPSG:4326#image/png',16,19,13,29400090,2.0E0,29400090,1.0E0,2)
DELETE FROM TILEPAGE WHERE KEY='Escape-game:objet#EPSG:4326#image/png@20,11,16'
INSERT INTO TILEPAGE VALUES('Escape-game:objet#EPSG:4326#image/png@20,11,16','Escape-game:objet#EPSG:4326#image/png',16,20,11,29400090,2.0E0,29400090,1.0E0,2)
DELETE FROM TILEPAGE WHERE KEY='Escape-game:objet#EPSG:4326#image/png@20,13,16'
INSERT INTO TILEPAGE VALUES('Escape-game:objet#EPSG:4326#image/png@20,13,16','Escape-game:objet#EPSG:4326#image/png',16,20,13,29400090,2.0E0,29400090,1.0E0,2)
COMMIT
DELETE FROM TILEPAGE WHERE KEY='Escape-game:objet#EPSG:4326#image/png@17,25,17'
INSERT INTO TILEPAGE VALUES('Escape-game:objet#EPSG:4326#image/png@17,25,17','Escape-game:objet#EPSG:4326#image/png',17,17,25,29400090,1.0E0,29400090,1.0E0,1)
COMMIT
DELETE FROM TILEPAGE WHERE KEY='Escape-game:objet#EPSG:4326#image/png@18,25,17'
INSERT INTO TILEPAGE VALUES('Escape-game:objet#EPSG:4326#image/png@18,25,17','Escape-game:objet#EPSG:4326#image/png',17,18,25,29400090,1.0E0,29400090,1.0E0,1)
COMMIT
DELETE FROM TILEPAGE WHERE KEY='Escape-game:objet#EPSG:4326#image/png@16,25,17'
INSERT INTO TILEPAGE VALUES('Escape-game:objet#EPSG:4326#image/png@16,25,17','Escape-game:objet#EPSG:4326#image/png',17,16,25,29400090,1.0E0,29400090,1.0E0,1)
DELETE FROM TILEPAGE WHERE KEY='Escape-game:objet#EPSG:4326#image/png@19,25,17'
INSERT INTO TILEPAGE VALUES('Escape-game:objet#EPSG:4326#image/png@19,25,17','Escape-game:objet#EPSG:4326#image/png',17,19,25,29400090,1.0E0,29400090,1.0E0,1)
COMMIT
DELETE FROM TILEPAGE WHERE KEY='Escape-game:objet#EPSG:4326#image/png@16,25,17'
INSERT INTO TILEPAGE VALUES('Escape-game:objet#EPSG:4326#image/png@16,25,17','Escape-game:objet#EPSG:4326#image/png',17,16,25,29400090,2.0E0,29400090,1.0E0,2)
DELETE FROM TILEPAGE WHERE KEY='Escape-game:objet#EPSG:4326#image/png@19,25,17'
INSERT INTO TILEPAGE VALUES('Escape-game:objet#EPSG:4326#image/png@19,25,17','Escape-game:objet#EPSG:4326#image/png',17,19,25,29400090,2.0E0,29400090,1.0E0,2)
COMMIT
DELETE FROM TILEPAGE WHERE KEY='Escape-game:objet#EPSG:4326#image/png@17,11,16'
INSERT INTO TILEPAGE VALUES('Escape-game:objet#EPSG:4326#image/png@17,11,16','Escape-game:objet#EPSG:4326#image/png',16,17,11,29400090,3.0E0,29400090,1.0E0,3)
COMMIT
DELETE FROM TILEPAGE WHERE KEY='Escape-game:objet#EPSG:4326#image/png@14,13,16'
INSERT INTO TILEPAGE VALUES('Escape-game:objet#EPSG:4326#image/png@14,13,16','Escape-game:objet#EPSG:4326#image/png',16,14,13,29400090,3.0E0,29400090,1.0E0,3)
DELETE FROM TILEPAGE WHERE KEY='Escape-game:objet#EPSG:4326#image/png@15,11,16'
INSERT INTO TILEPAGE VALUES('Escape-game:objet#EPSG:4326#image/png@15,11,16','Escape-game:objet#EPSG:4326#image/png',16,15,11,29400090,3.0E0,29400090,1.0E0,3)
DELETE FROM TILEPAGE WHERE KEY='Escape-game:objet#EPSG:4326#image/png@15,13,16'
INSERT INTO TILEPAGE VALUES('Escape-game:objet#EPSG:4326#image/png@15,13,16','Escape-game:objet#EPSG:4326#image/png',16,15,13,29400090,3.0E0,29400090,1.0E0,3)
DELETE FROM TILEPAGE WHERE KEY='Escape-game:objet#EPSG:4326#image/png@16,11,16'
INSERT INTO TILEPAGE VALUES('Escape-game:objet#EPSG:4326#image/png@16,11,16','Escape-game:objet#EPSG:4326#image/png',16,16,11,29400090,3.0E0,29400090,1.0E0,3)
DELETE FROM TILEPAGE WHERE KEY='Escape-game:objet#EPSG:4326#image/png@16,13,16'
INSERT INTO TILEPAGE VALUES('Escape-game:objet#EPSG:4326#image/png@16,13,16','Escape-game:objet#EPSG:4326#image/png',16,16,13,29400090,3.0E0,29400090,1.0E0,3)
DELETE FROM TILEPAGE WHERE KEY='Escape-game:objet#EPSG:4326#image/png@17,13,16'
INSERT INTO TILEPAGE VALUES('Escape-game:objet#EPSG:4326#image/png@17,13,16','Escape-game:objet#EPSG:4326#image/png',16,17,13,29400090,3.0E0,29400090,1.0E0,3)
DELETE FROM TILEPAGE WHERE KEY='Escape-game:objet#EPSG:4326#image/png@18,11,16'
INSERT INTO TILEPAGE VALUES('Escape-game:objet#EPSG:4326#image/png@18,11,16','Escape-game:objet#EPSG:4326#image/png',16,18,11,29400090,3.0E0,29400090,1.0E0,3)
DELETE FROM TILEPAGE WHERE KEY='Escape-game:objet#EPSG:4326#image/png@18,13,16'
INSERT INTO TILEPAGE VALUES('Escape-game:objet#EPSG:4326#image/png@18,13,16','Escape-game:objet#EPSG:4326#image/png',16,18,13,29400090,3.0E0,29400090,1.0E0,3)
DELETE FROM TILEPAGE WHERE KEY='Escape-game:objet#EPSG:4326#image/png@19,11,16'
INSERT INTO TILEPAGE VALUES('Escape-game:objet#EPSG:4326#image/png@19,11,16','Escape-game:objet#EPSG:4326#image/png',16,19,11,29400090,3.0E0,29400090,1.0E0,3)
DELETE FROM TILEPAGE WHERE KEY='Escape-game:objet#EPSG:4326#image/png@19,13,16'
INSERT INTO TILEPAGE VALUES('Escape-game:objet#EPSG:4326#image/png@19,13,16','Escape-game:objet#EPSG:4326#image/png',16,19,13,29400090,3.0E0,29400090,1.0E0,3)
DELETE FROM TILEPAGE WHERE KEY='Escape-game:objet#EPSG:4326#image/png@20,11,16'
INSERT INTO TILEPAGE VALUES('Escape-game:objet#EPSG:4326#image/png@20,11,16','Escape-game:objet#EPSG:4326#image/png',16,20,11,29400090,3.0E0,29400090,1.0E0,3)
DELETE FROM TILEPAGE WHERE KEY='Escape-game:objet#EPSG:4326#image/png@20,13,16'
INSERT INTO TILEPAGE VALUES('Escape-game:objet#EPSG:4326#image/png@20,13,16','Escape-game:objet#EPSG:4326#image/png',16,20,13,29400090,3.0E0,29400090,1.0E0,3)
COMMIT
DELETE FROM TILEPAGE WHERE KEY='Escape-game:objet#EPSG:4326#image/png@14,11,16'
INSERT INTO TILEPAGE VALUES('Escape-game:objet#EPSG:4326#image/png@14,11,16','Escape-game:objet#EPSG:4326#image/png',16,14,11,29400090,3.0E0,29400090,1.0E0,3)
COMMIT
DELETE FROM TILEPAGE WHERE KEY='Escape-game:objet#EPSG:4326#image/png@5,3,14'
INSERT INTO TILEPAGE VALUES('Escape-game:objet#EPSG:4326#image/png@5,3,14','Escape-game:objet#EPSG:4326#image/png',14,5,3,29400090,2.0E0,29400090,1.0E0,2)
COMMIT
DELETE FROM TILEPAGE WHERE KEY='Escape-game:objet#EPSG:4326#image/png@4,3,14'
INSERT INTO TILEPAGE VALUES('Escape-game:objet#EPSG:4326#image/png@4,3,14','Escape-game:objet#EPSG:4326#image/png',14,4,3,29400090,2.0E0,29400090,1.0E0,2)
COMMIT
DELETE FROM TILEPAGE WHERE KEY='Escape-game:objet#EPSG:4326#image/png@3,3,14'
INSERT INTO TILEPAGE VALUES('Escape-game:objet#EPSG:4326#image/png@3,3,14','Escape-game:objet#EPSG:4326#image/png',14,3,3,29400090,2.0E0,29400090,1.0E0,2)
COMMIT
DELETE FROM TILEPAGE WHERE KEY='Escape-game:objet#EPSG:4326#image/png@2,3,14'
INSERT INTO TILEPAGE VALUES('Escape-game:objet#EPSG:4326#image/png@2,3,14','Escape-game:objet#EPSG:4326#image/png',14,2,3,29400090,2.0E0,29400090,1.0E0,2)
COMMIT
DELETE FROM TILEPAGE WHERE KEY='Escape-game:objet#EPSG:4326#image/png@1,3,14'
INSERT INTO TILEPAGE VALUES('Escape-game:objet#EPSG:4326#image/png@1,3,14','Escape-game:objet#EPSG:4326#image/png',14,1,3,29400090,2.0E0,29400090,1.0E0,2)
COMMIT
INSERT INTO TILEPAGE VALUES('Escape-game:objet#EPSG:4326#image/png@8,11,16','Escape-game:objet#EPSG:4326#image/png',16,8,11,29400090,1.401298464324817E-45,29400090,1.401298464324817E-45,1)
COMMIT
INSERT INTO TILEPAGE VALUES('Escape-game:objet#EPSG:4326#image/png@9,11,16','Escape-game:objet#EPSG:4326#image/png',16,9,11,29400090,1.401298464324817E-45,29400090,1.401298464324817E-45,1)
COMMIT
INSERT INTO TILEPAGE VALUES('Escape-game:objet#EPSG:4326#image/png@5,11,16','Escape-game:objet#EPSG:4326#image/png',16,5,11,29400090,1.401298464324817E-45,29400090,1.401298464324817E-45,1)
INSERT INTO TILEPAGE VALUES('Escape-game:objet#EPSG:4326#image/png@6,11,16','Escape-game:objet#EPSG:4326#image/png',16,6,11,29400090,1.401298464324817E-45,29400090,1.401298464324817E-45,1)
INSERT INTO TILEPAGE VALUES('Escape-game:objet#EPSG:4326#image/png@7,11,16','Escape-game:objet#EPSG:4326#image/png',16,7,11,29400090,1.401298464324817E-45,29400090,1.401298464324817E-45,1)
COMMIT
INSERT INTO TILEPAGE VALUES('Escape-game:objet#EPSG:4326#image/png@6,21,17','Escape-game:objet#EPSG:4326#image/png',17,6,21,29400090,1.401298464324817E-45,29400090,1.401298464324817E-45,1)
COMMIT
INSERT INTO TILEPAGE VALUES('Escape-game:objet#EPSG:4326#image/png@6,19,17','Escape-game:objet#EPSG:4326#image/png',17,6,19,29400090,1.401298464324817E-45,29400090,1.401298464324817E-45,1)
DELETE FROM TILEPAGE WHERE KEY='Escape-game:objet#EPSG:4326#image/png@6,21,17'
INSERT INTO TILEPAGE VALUES('Escape-game:objet#EPSG:4326#image/png@6,21,17','Escape-game:objet#EPSG:4326#image/png',17,6,21,29400090,2.802596928649634E-45,29400090,1.401298464324817E-45,2)
INSERT INTO TILEPAGE VALUES('Escape-game:objet#EPSG:4326#image/png@7,21,17','Escape-game:objet#EPSG:4326#image/png',17,7,21,29400090,1.401298464324817E-45,29400090,1.401298464324817E-45,1)
COMMIT
INSERT INTO TILEPAGE VALUES('Escape-game:objet#EPSG:4326#image/png@5,19,17','Escape-game:objet#EPSG:4326#image/png',17,5,19,29400090,4.203895392974451E-45,29400090,1.401298464324817E-45,3)
INSERT INTO TILEPAGE VALUES('Escape-game:objet#EPSG:4326#image/png@5,21,17','Escape-game:objet#EPSG:4326#image/png',17,5,21,29400090,4.203895392974451E-45,29400090,1.401298464324817E-45,3)
DELETE FROM TILEPAGE WHERE KEY='Escape-game:objet#EPSG:4326#image/png@6,19,17'
INSERT INTO TILEPAGE VALUES('Escape-game:objet#EPSG:4326#image/png@6,19,17','Escape-game:objet#EPSG:4326#image/png',17,6,19,29400090,2.802596928649634E-45,29400090,1.401298464324817E-45,2)
INSERT INTO TILEPAGE VALUES('Escape-game:objet#EPSG:4326#image/png@7,19,17','Escape-game:objet#EPSG:4326#image/png',17,7,19,29400090,1.401298464324817E-45,29400090,1.401298464324817E-45,1)
COMMIT
DELETE FROM TILEPAGE WHERE KEY='Escape-game:objet#EPSG:4326#image/png@7,21,17'
INSERT INTO TILEPAGE VALUES('Escape-game:objet#EPSG:4326#image/png@7,21,17','Escape-game:objet#EPSG:4326#image/png',17,7,21,29400090,2.802596928649634E-45,29400090,1.401298464324817E-45,2)
INSERT INTO TILEPAGE VALUES('Escape-game:objet#EPSG:4326#image/png@8,19,17','Escape-game:objet#EPSG:4326#image/png',17,8,19,29400090,1.401298464324817E-45,29400090,1.401298464324817E-45,1)
COMMIT
DELETE FROM TILESET WHERE KEY='Escape-game:objet#EPSG:4326#image/png'
INSERT INTO TILESET VALUES('Escape-game:objet#EPSG:4326#image/png','Escape-game:objet','EPSG:4326','image/png',NULL,757760)
DELETE FROM TILESET WHERE KEY='___GLOBAL_QUOTA___'
INSERT INTO TILESET VALUES('___GLOBAL_QUOTA___',NULL,NULL,NULL,NULL,757760)
INSERT INTO TILEPAGE VALUES('Escape-game:objet#EPSG:4326#image/png@10,10,16','Escape-game:objet#EPSG:4326#image/png',16,10,10,29400090,0.0E0,29400090,1.0E0,0)
INSERT INTO TILEPAGE VALUES('Escape-game:objet#EPSG:4326#image/png@10,11,16','Escape-game:objet#EPSG:4326#image/png',16,10,11,29400090,0.0E0,29400090,1.0E0,0)
INSERT INTO TILEPAGE VALUES('Escape-game:objet#EPSG:4326#image/png@10,12,16','Escape-game:objet#EPSG:4326#image/png',16,10,12,29400090,0.0E0,29400090,1.0E0,0)
INSERT INTO TILEPAGE VALUES('Escape-game:objet#EPSG:4326#image/png@10,13,16','Escape-game:objet#EPSG:4326#image/png',16,10,13,29400090,0.0E0,29400090,1.0E0,0)
INSERT INTO TILEPAGE VALUES('Escape-game:objet#EPSG:4326#image/png@11,10,16','Escape-game:objet#EPSG:4326#image/png',16,11,10,29400090,0.0E0,29400090,1.0E0,0)
INSERT INTO TILEPAGE VALUES('Escape-game:objet#EPSG:4326#image/png@11,11,16','Escape-game:objet#EPSG:4326#image/png',16,11,11,29400090,0.0E0,29400090,1.0E0,0)
INSERT INTO TILEPAGE VALUES('Escape-game:objet#EPSG:4326#image/png@11,12,16','Escape-game:objet#EPSG:4326#image/png',16,11,12,29400090,0.0E0,29400090,1.0E0,0)
INSERT INTO TILEPAGE VALUES('Escape-game:objet#EPSG:4326#image/png@11,13,16','Escape-game:objet#EPSG:4326#image/png',16,11,13,29400090,0.0E0,29400090,1.0E0,0)
INSERT INTO TILEPAGE VALUES('Escape-game:objet#EPSG:4326#image/png@12,10,16','Escape-game:objet#EPSG:4326#image/png',16,12,10,29400090,0.0E0,29400090,1.0E0,0)
INSERT INTO TILEPAGE VALUES('Escape-game:objet#EPSG:4326#image/png@12,11,16','Escape-game:objet#EPSG:4326#image/png',16,12,11,29400090,0.0E0,29400090,1.0E0,0)
INSERT INTO TILEPAGE VALUES('Escape-game:objet#EPSG:4326#image/png@12,12,16','Escape-game:objet#EPSG:4326#image/png',16,12,12,29400090,0.0E0,29400090,1.0E0,0)
INSERT INTO TILEPAGE VALUES('Escape-game:objet#EPSG:4326#image/png@12,13,16','Escape-game:objet#EPSG:4326#image/png',16,12,13,29400090,0.0E0,29400090,1.0E0,0)
INSERT INTO TILEPAGE VALUES('Escape-game:objet#EPSG:4326#image/png@5,10,16','Escape-game:objet#EPSG:4326#image/png',16,5,10,29400090,0.0E0,29400090,1.0E0,0)
DELETE FROM TILEPAGE WHERE KEY='Escape-game:objet#EPSG:4326#image/png@5,11,16'
INSERT INTO TILEPAGE VALUES('Escape-game:objet#EPSG:4326#image/png@5,11,16','Escape-game:objet#EPSG:4326#image/png',16,5,11,29400090,1.401298464324817E-45,29400090,1.0E0,1)
INSERT INTO TILEPAGE VALUES('Escape-game:objet#EPSG:4326#image/png@5,12,16','Escape-game:objet#EPSG:4326#image/png',16,5,12,29400090,0.0E0,29400090,1.0E0,0)
INSERT INTO TILEPAGE VALUES('Escape-game:objet#EPSG:4326#image/png@5,13,16','Escape-game:objet#EPSG:4326#image/png',16,5,13,29400090,0.0E0,29400090,1.0E0,0)
DELETE FROM TILEPAGE WHERE KEY='Escape-game:objet#EPSG:4326#image/png@5,19,17'
INSERT INTO TILEPAGE VALUES('Escape-game:objet#EPSG:4326#image/png@5,19,17','Escape-game:objet#EPSG:4326#image/png',17,5,19,29400090,4.203895392974451E-45,29400090,1.0E0,3)
INSERT INTO TILEPAGE VALUES('Escape-game:objet#EPSG:4326#image/png@5,20,17','Escape-game:objet#EPSG:4326#image/png',17,5,20,29400090,0.0E0,29400090,1.0E0,0)
DELETE FROM TILEPAGE WHERE KEY='Escape-game:objet#EPSG:4326#image/png@5,21,17'
INSERT INTO TILEPAGE VALUES('Escape-game:objet#EPSG:4326#image/png@5,21,17','Escape-game:objet#EPSG:4326#image/png',17,5,21,29400090,4.203895392974451E-45,29400090,1.0E0,3)
INSERT INTO TILEPAGE VALUES('Escape-game:objet#EPSG:4326#image/png@5,22,17','Escape-game:objet#EPSG:4326#image/png',17,5,22,29400090,0.0E0,29400090,1.0E0,0)
INSERT INTO TILEPAGE VALUES('Escape-game:objet#EPSG:4326#image/png@6,10,16','Escape-game:objet#EPSG:4326#image/png',16,6,10,29400090,0.0E0,29400090,1.0E0,0)
DELETE FROM TILEPAGE WHERE KEY='Escape-game:objet#EPSG:4326#image/png@6,11,16'
INSERT INTO TILEPAGE VALUES('Escape-game:objet#EPSG:4326#image/png@6,11,16','Escape-game:objet#EPSG:4326#image/png',16,6,11,29400090,1.401298464324817E-45,29400090,1.0E0,1)
INSERT INTO TILEPAGE VALUES('Escape-game:objet#EPSG:4326#image/png@6,12,16','Escape-game:objet#EPSG:4326#image/png',16,6,12,29400090,0.0E0,29400090,1.0E0,0)
INSERT INTO TILEPAGE VALUES('Escape-game:objet#EPSG:4326#image/png@6,13,16','Escape-game:objet#EPSG:4326#image/png',16,6,13,29400090,0.0E0,29400090,1.0E0,0)
DELETE FROM TILEPAGE WHERE KEY='Escape-game:objet#EPSG:4326#image/png@6,19,17'
INSERT INTO TILEPAGE VALUES('Escape-game:objet#EPSG:4326#image/png@6,19,17','Escape-game:objet#EPSG:4326#image/png',17,6,19,29400090,2.802596928649634E-45,29400090,1.0E0,2)
INSERT INTO TILEPAGE VALUES('Escape-game:objet#EPSG:4326#image/png@6,20,17','Escape-game:objet#EPSG:4326#image/png',17,6,20,29400090,0.0E0,29400090,1.0E0,0)
DELETE FROM TILEPAGE WHERE KEY='Escape-game:objet#EPSG:4326#image/png@6,21,17'
INSERT INTO TILEPAGE VALUES('Escape-game:objet#EPSG:4326#image/png@6,21,17','Escape-game:objet#EPSG:4326#image/png',17,6,21,29400090,2.802596928649634E-45,29400090,1.0E0,2)
INSERT INTO TILEPAGE VALUES('Escape-game:objet#EPSG:4326#image/png@6,22,17','Escape-game:objet#EPSG:4326#image/png',17,6,22,29400090,0.0E0,29400090,1.0E0,0)
INSERT INTO TILEPAGE VALUES('Escape-game:objet#EPSG:4326#image/png@7,10,16','Escape-game:objet#EPSG:4326#image/png',16,7,10,29400090,0.0E0,29400090,1.0E0,0)
DELETE FROM TILEPAGE WHERE KEY='Escape-game:objet#EPSG:4326#image/png@7,11,16'
INSERT INTO TILEPAGE VALUES('Escape-game:objet#EPSG:4326#image/png@7,11,16','Escape-game:objet#EPSG:4326#image/png',16,7,11,29400090,1.401298464324817E-45,29400090,1.0E0,1)
INSERT INTO TILEPAGE VALUES('Escape-game:objet#EPSG:4326#image/png@7,12,16','Escape-game:objet#EPSG:4326#image/png',16,7,12,29400090,0.0E0,29400090,1.0E0,0)
INSERT INTO TILEPAGE VALUES('Escape-game:objet#EPSG:4326#image/png@7,13,16','Escape-game:objet#EPSG:4326#image/png',16,7,13,29400090,0.0E0,29400090,1.0E0,0)
DELETE FROM TILEPAGE WHERE KEY='Escape-game:objet#EPSG:4326#image/png@7,19,17'
INSERT INTO TILEPAGE VALUES('Escape-game:objet#EPSG:4326#image/png@7,19,17','Escape-game:objet#EPSG:4326#image/png',17,7,19,29400090,1.401298464324817E-45,29400090,1.0E0,1)
INSERT INTO TILEPAGE VALUES('Escape-game:objet#EPSG:4326#image/png@7,20,17','Escape-game:objet#EPSG:4326#image/png',17,7,20,29400090,0.0E0,29400090,1.0E0,0)
DELETE FROM TILEPAGE WHERE KEY='Escape-game:objet#EPSG:4326#image/png@7,21,17'
INSERT INTO TILEPAGE VALUES('Escape-game:objet#EPSG:4326#image/png@7,21,17','Escape-game:objet#EPSG:4326#image/png',17,7,21,29400090,2.802596928649634E-45,29400090,1.0E0,2)
INSERT INTO TILEPAGE VALUES('Escape-game:objet#EPSG:4326#image/png@7,22,17','Escape-game:objet#EPSG:4326#image/png',17,7,22,29400090,0.0E0,29400090,1.0E0,0)
INSERT INTO TILEPAGE VALUES('Escape-game:objet#EPSG:4326#image/png@8,10,16','Escape-game:objet#EPSG:4326#image/png',16,8,10,29400090,0.0E0,29400090,1.0E0,0)
DELETE FROM TILEPAGE WHERE KEY='Escape-game:objet#EPSG:4326#image/png@8,11,16'
INSERT INTO TILEPAGE VALUES('Escape-game:objet#EPSG:4326#image/png@8,11,16','Escape-game:objet#EPSG:4326#image/png',16,8,11,29400090,1.401298464324817E-45,29400090,1.0E0,1)
INSERT INTO TILEPAGE VALUES('Escape-game:objet#EPSG:4326#image/png@8,12,16','Escape-game:objet#EPSG:4326#image/png',16,8,12,29400090,0.0E0,29400090,1.0E0,0)
INSERT INTO TILEPAGE VALUES('Escape-game:objet#EPSG:4326#image/png@8,13,16','Escape-game:objet#EPSG:4326#image/png',16,8,13,29400090,0.0E0,29400090,1.0E0,0)
DELETE FROM TILEPAGE WHERE KEY='Escape-game:objet#EPSG:4326#image/png@8,19,17'
INSERT INTO TILEPAGE VALUES('Escape-game:objet#EPSG:4326#image/png@8,19,17','Escape-game:objet#EPSG:4326#image/png',17,8,19,29400090,1.401298464324817E-45,29400090,1.0E0,1)
INSERT INTO TILEPAGE VALUES('Escape-game:objet#EPSG:4326#image/png@8,20,17','Escape-game:objet#EPSG:4326#image/png',17,8,20,29400090,0.0E0,29400090,1.0E0,0)
INSERT INTO TILEPAGE VALUES('Escape-game:objet#EPSG:4326#image/png@8,21,17','Escape-game:objet#EPSG:4326#image/png',17,8,21,29400090,0.0E0,29400090,1.0E0,0)
INSERT INTO TILEPAGE VALUES('Escape-game:objet#EPSG:4326#image/png@8,22,17','Escape-game:objet#EPSG:4326#image/png',17,8,22,29400090,0.0E0,29400090,1.0E0,0)
INSERT INTO TILEPAGE VALUES('Escape-game:objet#EPSG:4326#image/png@9,10,16','Escape-game:objet#EPSG:4326#image/png',16,9,10,29400090,0.0E0,29400090,1.0E0,0)
DELETE FROM TILEPAGE WHERE KEY='Escape-game:objet#EPSG:4326#image/png@9,11,16'
INSERT INTO TILEPAGE VALUES('Escape-game:objet#EPSG:4326#image/png@9,11,16','Escape-game:objet#EPSG:4326#image/png',16,9,11,29400090,1.401298464324817E-45,29400090,1.0E0,1)
INSERT INTO TILEPAGE VALUES('Escape-game:objet#EPSG:4326#image/png@9,12,16','Escape-game:objet#EPSG:4326#image/png',16,9,12,29400090,0.0E0,29400090,1.0E0,0)
INSERT INTO TILEPAGE VALUES('Escape-game:objet#EPSG:4326#image/png@9,13,16','Escape-game:objet#EPSG:4326#image/png',16,9,13,29400090,0.0E0,29400090,1.0E0,0)
COMMIT
INSERT INTO TILEPAGE VALUES('Escape-game:objet#EPSG:4326#image/png@4,19,17','Escape-game:objet#EPSG:4326#image/png',17,4,19,29400090,1.401298464324817E-45,29400090,1.401298464324817E-45,1)
COMMIT
INSERT INTO TILEPAGE VALUES('Escape-game:objet#EPSG:4326#image/png@4,21,17','Escape-game:objet#EPSG:4326#image/png',17,4,21,29400090,1.401298464324817E-45,29400090,1.401298464324817E-45,1)
COMMIT
DELETE FROM TILESET WHERE KEY='Escape-game:objet#EPSG:4326#image/png'
INSERT INTO TILESET VALUES('Escape-game:objet#EPSG:4326#image/png','Escape-game:objet','EPSG:4326','image/png',NULL,823296)
DELETE FROM TILESET WHERE KEY='___GLOBAL_QUOTA___'
INSERT INTO TILESET VALUES('___GLOBAL_QUOTA___',NULL,NULL,NULL,NULL,823296)
INSERT INTO TILEPAGE VALUES('Escape-game:objet#EPSG:4326#image/png@3,19,17','Escape-game:objet#EPSG:4326#image/png',17,3,19,29400090,0.0E0,29400090,1.0E0,0)
INSERT INTO TILEPAGE VALUES('Escape-game:objet#EPSG:4326#image/png@3,20,17','Escape-game:objet#EPSG:4326#image/png',17,3,20,29400090,0.0E0,29400090,1.0E0,0)
INSERT INTO TILEPAGE VALUES('Escape-game:objet#EPSG:4326#image/png@3,21,17','Escape-game:objet#EPSG:4326#image/png',17,3,21,29400090,0.0E0,29400090,1.0E0,0)
INSERT INTO TILEPAGE VALUES('Escape-game:objet#EPSG:4326#image/png@3,22,17','Escape-game:objet#EPSG:4326#image/png',17,3,22,29400090,0.0E0,29400090,1.0E0,0)
DELETE FROM TILEPAGE WHERE KEY='Escape-game:objet#EPSG:4326#image/png@4,19,17'
INSERT INTO TILEPAGE VALUES('Escape-game:objet#EPSG:4326#image/png@4,19,17','Escape-game:objet#EPSG:4326#image/png',17,4,19,29400090,1.401298464324817E-45,29400090,1.0E0,1)
INSERT INTO TILEPAGE VALUES('Escape-game:objet#EPSG:4326#image/png@4,20,17','Escape-game:objet#EPSG:4326#image/png',17,4,20,29400090,0.0E0,29400090,1.0E0,0)
DELETE FROM TILEPAGE WHERE KEY='Escape-game:objet#EPSG:4326#image/png@4,21,17'
INSERT INTO TILEPAGE VALUES('Escape-game:objet#EPSG:4326#image/png@4,21,17','Escape-game:objet#EPSG:4326#image/png',17,4,21,29400090,1.401298464324817E-45,29400090,1.0E0,1)
INSERT INTO TILEPAGE VALUES('Escape-game:objet#EPSG:4326#image/png@4,22,17','Escape-game:objet#EPSG:4326#image/png',17,4,22,29400090,0.0E0,29400090,1.0E0,0)
COMMIT
INSERT INTO TILEPAGE VALUES('Escape-game:objet#EPSG:4326#image/png@1,0,15','Escape-game:objet#EPSG:4326#image/png',15,1,0,29400090,1.401298464324817E-45,29400090,1.401298464324817E-45,1)
COMMIT
INSERT INTO TILEPAGE VALUES('Escape-game:objet#EPSG:4326#image/png@0,0,15','Escape-game:objet#EPSG:4326#image/png',15,0,0,29400090,1.401298464324817E-45,29400090,1.401298464324817E-45,1)
COMMIT
INSERT INTO TILEPAGE VALUES('Escape-game:objet#EPSG:4326#image/png@2,0,15','Escape-game:objet#EPSG:4326#image/png',15,2,0,29400090,1.401298464324817E-45,29400090,1.401298464324817E-45,1)
COMMIT
DELETE FROM TILESET WHERE KEY='Escape-game:objet#EPSG:4326#image/png'
INSERT INTO TILESET VALUES('Escape-game:objet#EPSG:4326#image/png','Escape-game:objet','EPSG:4326','image/png',NULL,901120)
DELETE FROM TILESET WHERE KEY='___GLOBAL_QUOTA___'
INSERT INTO TILESET VALUES('___GLOBAL_QUOTA___',NULL,NULL,NULL,NULL,901120)
DELETE FROM TILEPAGE WHERE KEY='Escape-game:objet#EPSG:4326#image/png@0,0,15'
INSERT INTO TILEPAGE VALUES('Escape-game:objet#EPSG:4326#image/png@0,0,15','Escape-game:objet#EPSG:4326#image/png',15,0,0,29400090,1.401298464324817E-45,29400090,1.0E0,1)
INSERT INTO TILEPAGE VALUES('Escape-game:objet#EPSG:4326#image/png@0,1,15','Escape-game:objet#EPSG:4326#image/png',15,0,1,29400090,0.0E0,29400090,1.0E0,0)
INSERT INTO TILEPAGE VALUES('Escape-game:objet#EPSG:4326#image/png@0,2,15','Escape-game:objet#EPSG:4326#image/png',15,0,2,29400090,0.0E0,29400090,1.0E0,0)
DELETE FROM TILEPAGE WHERE KEY='Escape-game:objet#EPSG:4326#image/png@1,0,15'
INSERT INTO TILEPAGE VALUES('Escape-game:objet#EPSG:4326#image/png@1,0,15','Escape-game:objet#EPSG:4326#image/png',15,1,0,29400090,1.401298464324817E-45,29400090,1.0E0,1)
INSERT INTO TILEPAGE VALUES('Escape-game:objet#EPSG:4326#image/png@1,1,15','Escape-game:objet#EPSG:4326#image/png',15,1,1,29400090,0.0E0,29400090,1.0E0,0)
INSERT INTO TILEPAGE VALUES('Escape-game:objet#EPSG:4326#image/png@1,2,15','Escape-game:objet#EPSG:4326#image/png',15,1,2,29400090,0.0E0,29400090,1.0E0,0)
DELETE FROM TILEPAGE WHERE KEY='Escape-game:objet#EPSG:4326#image/png@2,0,15'
INSERT INTO TILEPAGE VALUES('Escape-game:objet#EPSG:4326#image/png@2,0,15','Escape-game:objet#EPSG:4326#image/png',15,2,0,29400090,1.401298464324817E-45,29400090,1.0E0,1)
INSERT INTO TILEPAGE VALUES('Escape-game:objet#EPSG:4326#image/png@2,1,15','Escape-game:objet#EPSG:4326#image/png',15,2,1,29400090,0.0E0,29400090,1.0E0,0)
INSERT INTO TILEPAGE VALUES('Escape-game:objet#EPSG:4326#image/png@2,2,15','Escape-game:objet#EPSG:4326#image/png',15,2,2,29400090,0.0E0,29400090,1.0E0,0)
COMMIT
